---
source: crates/agentgateway/src/llm/tests.rs
description: "bedrock: basic_input"
info:
  messages:
    - content: You are a helpful assistant.
      role: system
    - content: What is the name of the LLM provider?
      role: user
  model: replaceme
---
{
  "modelId": "replaceme",
  "messages": [
    {
      "role": "user",
      "content": [
        {
          "text": "What is the name of the LLM provider?"
        }
      ]
    }
  ],
  "system": [
    {
      "text": "You are a helpful assistant."
    }
  ],
  "inferenceConfig": {
    "maxTokens": 4096
  }
}
