---
source: crates/agentgateway/src/llm/tests.rs
description: src/llm/tests/response_bedrock_basic.json
info:
  output:
    message:
      role: assistant
      content:
        - text: Hello world
  stopReason: end_turn
  usage:
    inputTokens: 18
    outputTokens: 46
    totalTokens: 64
  metrics:
    latencyMs: 2083
---
{
  "id": "[id]",
  "choices": [
    {
      "index": 0,
      "message": {
        "content": "Hello world",
        "role": "assistant"
      },
      "finish_reason": "stop"
    }
  ],
  "created": "[date]",
  "model": "fake-model",
  "object": "chat.completion",
  "usage": {
    "prompt_tokens": 18,
    "completion_tokens": 46,
    "total_tokens": 64
  }
}
