---
source: crates/agentgateway/src/llm/tests.rs
description: src/llm/tests/response_anthropic_basic.json
info:
  id: msg_012JYtNYb8sv6Hb67TcGT7xW
  type: message
  role: assistant
  model: claude-3-5-haiku-20241022
  content:
    - type: text
      text: Hi there! How are you doing today? Is there anything I can help you with?
  stop_reason: end_turn
  stop_sequence: ~
  usage:
    input_tokens: 15
    cache_creation_input_tokens: 0
    cache_read_input_tokens: 0
    output_tokens: 21
    service_tier: standard
---
{
  "id": "[id]",
  "choices": [
    {
      "index": 0,
      "message": {
        "content": "Hi there! How are you doing today? Is there anything I can help you with?",
        "role": "assistant"
      },
      "finish_reason": "stop"
    }
  ],
  "created": "[date]",
  "model": "claude-3-5-haiku-20241022",
  "object": "chat.completion",
  "usage": {
    "prompt_tokens": 15,
    "completion_tokens": 21,
    "total_tokens": 36
  }
}
